// Jest Snapshot v1, https://goo.gl/fbAQLP

exports[`CharacterDetail component renders CharacterDetail 1`] = `
<DocumentFragment>
  <div>
    <h1>
      Luke Skywalker
    </h1>
    <h4>
      Birth Year: 19BBY
    </h4>
    <h4>
      Hair color: blond
    </h4>
    <h4>
      Films: 
      <a
        href="/film-detail/1/"
      >
        <p>
          https://swapi.dev/api/films/1/
        </p>
      </a>
      <a
        href="/film-detail/2/"
      >
        <p>
          https://swapi.dev/api/films/2/
        </p>
      </a>
      <a
        href="/film-detail/3/"
      >
        <p>
          https://swapi.dev/api/films/3/
        </p>
      </a>
      <a
        href="/film-detail/6/"
      >
        <p>
          https://swapi.dev/api/films/6/
        </p>
      </a>
    </h4>
    <h4>
      Vehicles: 
      <a
        href="/vehicle-detail/14/"
      >
        <p>
          https://swapi.dev/api/vehicles/14/
        </p>
      </a>
      <a
        href="/vehicle-detail/30/"
      >
        <p>
          https://swapi.dev/api/vehicles/30/
        </p>
      </a>
    </h4>
    <h4>
      Starships: 
      <a
        href="/ship-detail/12/"
      >
        <p>
          https://swapi.dev/api/starships/12/
        </p>
      </a>
      <a
        href="/ship-detail/22/"
      >
        <p>
          https://swapi.dev/api/starships/22/
        </p>
      </a>
    </h4>
  </div>
</DocumentFragment>
`;
