// Jest Snapshot v1, https://goo.gl/fbAQLP

exports[`PlanetDetail component renders PlanetDetail 1`] = `
<DocumentFragment>
  <div>
    <h1>
      Tatooine
    </h1>
    <h3>
      Diameter: 10465
    </h3>
    <h4>
      Climate: arid
    </h4>
    <h4>
      Gravity: 1 standard
    </h4>
    <h4>
      Terrain: desert
    </h4>
    <h4>
      Population: 200000
    </h4>
    <h4>
      Residents: 
      <a
        href="/char-detail/1/"
      >
        <p>
          https://swapi.dev/api/people/1/
        </p>
      </a>
      <a
        href="/char-detail/2/"
      >
        <p>
          https://swapi.dev/api/people/2/
        </p>
      </a>
      <a
        href="/char-detail/4/"
      >
        <p>
          https://swapi.dev/api/people/4/
        </p>
      </a>
      <a
        href="/char-detail/6/"
      >
        <p>
          https://swapi.dev/api/people/6/
        </p>
      </a>
      <a
        href="/char-detail/7/"
      >
        <p>
          https://swapi.dev/api/people/7/
        </p>
      </a>
      <a
        href="/char-detail/8/"
      >
        <p>
          https://swapi.dev/api/people/8/
        </p>
      </a>
      <a
        href="/char-detail/9/"
      >
        <p>
          https://swapi.dev/api/people/9/
        </p>
      </a>
      <a
        href="/char-detail/11/"
      >
        <p>
          https://swapi.dev/api/people/11/
        </p>
      </a>
      <a
        href="/char-detail/43/"
      >
        <p>
          https://swapi.dev/api/people/43/
        </p>
      </a>
      <a
        href="/char-detail/62/"
      >
        <p>
          https://swapi.dev/api/people/62/
        </p>
      </a>
    </h4>
    <h4>
      Films: 
      <a
        href="/film-detail/1/"
      >
        <p>
          https://swapi.dev/api/films/1/
        </p>
      </a>
      <a
        href="/film-detail/3/"
      >
        <p>
          https://swapi.dev/api/films/3/
        </p>
      </a>
      <a
        href="/film-detail/4/"
      >
        <p>
          https://swapi.dev/api/films/4/
        </p>
      </a>
      <a
        href="/film-detail/5/"
      >
        <p>
          https://swapi.dev/api/films/5/
        </p>
      </a>
      <a
        href="/film-detail/6/"
      >
        <p>
          https://swapi.dev/api/films/6/
        </p>
      </a>
    </h4>
  </div>
</DocumentFragment>
`;
