// Jest Snapshot v1, https://goo.gl/fbAQLP

exports[`Header component renders Header 1`] = `
<DocumentFragment>
  <header
    class="header"
  >
    <h1>
      Star Wars
    </h1>
    <div
      class="links"
    >
      <a
        href="/"
      >
        Home
      </a>
    </div>
  </header>
</DocumentFragment>
`;
