// Jest Snapshot v1, https://goo.gl/fbAQLP

exports[`CharacterList component renders CharacterList 1`] = `
<DocumentFragment>
  <ul>
    <li>
      <div>
        <h2>
          <a
            href="/char-detail/1/"
          >
            Luke Skywalker
          </a>
        </h2>
      </div>
    </li>
  </ul>
</DocumentFragment>
`;
